[www.fegno.com/index.html]
[www.fegno.com/wp-content/astra-local-fonts/montserrat/JTUHjIg1_i6t8kCHKm4532VJOt5-QNFgpCuM73w5aXo.woff2]
[www.fegno.com/wp-content/astra-local-fonts/poppins/pxiByp8kv8JHgFVrLGT9Z1xlFQ.woff2]
[www.fegno.com/wp-content/astra-local-fonts/astra-local-fontsac9e.css]
[www.fegno.com/wp-content/themes/astra/assets/css/minified/compatibility/contact-form-7-main.minac9e.css]
[www.fegno.com/wp-content/cache/asset-cleanup/css/item/hfe-style-vd3075c15c443ea92321c86034087c5b0734256f0.css]
[www.fegno.com/wp-content/plugins/elementor/assets/css/frontend-lite.min7e2e.css]
[www.fegno.com/wp-content/cache/asset-cleanup/css/item/hfe-widgets-style-v4dba0137fb277de752ffd1f99acf1f2d015dc792.css]
[cdn.jsdelivr.net/npm/slick-carousel@1.8.1/slick/slick.css]
[cdn.jsdelivr.net/npm/slick-carousel@1.8.1/slick/slick-theme.css]
[cdn.jsdelivr.net/npm/slick-carousel@1.8.1/slick/slick.min.js]
[cdnjs.cloudflare.com/ajax/libs/typed.js/2.0.8/typedae48.js]
[www.fegno.com/wp-content/plugins/contact-form-7/includes/swv/js/index77e1.js]
[www.fegno.com/wp-content/cache/asset-cleanup/js/item/carousel-js-v1efca230d11c6219a5b173cd81053276999e6a1e.js]
[www.google.com/recaptcha/api4087.js]
[www.fegno.com/wp-content/plugins/contact-form-7/modules/recaptcha/index77e1.js]
[backblue.gif]
[fade.gif]
[index.html]
[www.fegno.com/wp-content/plugins/elementor/assets/js/frontend.min7e2e.js]
[www.fegno.com/wp-content/themes/astra/assets/css/minified/frontend.minac9e.css]
[www.fegno.com/wp-content/themes/astra/assets/fonts/astra.woff]
[www.fegno.com/wp-content/themes/astra/assets/css/minified/menu-animation.minac9e.css]
[www.fegno.com/wp-includes/css/dist/block-library/style.minae48.css]
[www.fegno.com/wp-content/plugins/popup-builder/public/css/theme79ab.css]
[www.fegno.com/wp-content/uploads/2022/04/bg-1238.webp]
[stackpath.bootstrapcdn.com/bootstrap/4.4.1/css/bootstrap.minae48.css]
[www.fegno.com/wp-content/plugins/gdpr-cookie-compliance/dist/styles/gdpr-maincbf4.css]
[www.fegno.com/wp-includes/js/jquery/jquery.mina767.js]
[www.fegno.com/wp-includes/js/jquery/jquery-migrate.min6b00.js]
[www.fegno.com/wp-content/plugins/popup-builder/public/js/Popup79ab.js]
[www.fegno.com/wp-content/plugins/popup-builder/public/js/PopupConfig79ab.js]
[www.fegno.com/wp-content/plugins/popup-builder/public/js/PopupBuilder79ab.js]
[www.fegno.com/wp-json/oembed/1.0/embed6ec3.json]
[www.fegno.com/wp-json/oembed/1.0/embedcec2]
[connect.facebook.net/en_US/fbevents.js]
[www.fegno.com/wp-content/uploads/2022/03/fegno-40x40.png]
[www.fegno.com/wp-content/uploads/2022/03/fegno.png]
[www.fegno.com/wp-content/uploads/2022/04/noun-next-1096296-Copy.png]
[www.fegno.com/wp-content/uploads/2022/04/noun-next-1096296.png]
[www.fegno.com/wp-content/plugins/official-facebook-pixel/js/openbridge_plugin.js]
[www.fegno.com/wp-content/uploads/2022/07/fegno-logo-black-150x43.webp]
[www.fegno.com/wp-content/uploads/2022/04/world.webp]
[www.fegno.com/wp-content/uploads/2022/11/top-software-development-company-in-kochi-fegno-2.png]
[www.fegno.com/wp-content/uploads/2022/05/abc-emporio-logo.webp]
[www.fegno.com/wp-content/uploads/2022/09/New-Project-13.webp]
[www.fegno.com/wp-content/uploads/2022/09/Double-horse-01.webp]
[www.fegno.com/wp-content/uploads/2022/05/granitogres-logo.webp]
[www.fegno.com/about-us/index.html]
[www.fegno.com/wp-content/uploads/2022/05/rak-properties-logo.webp]
[www.fegno.com/wp-content/uploads/2022/05/masters-in-multiverse-logo.webp]
[www.fegno.com/wp-content/uploads/2022/05/shopprix-logo.webp]
[www.fegno.com/wp-content/uploads/2022/05/soulmate-logo.webp]
[www.fegno.com/solutions/web-development-company-in-kochi/index.html]
[www.fegno.com/wp-content/uploads/2022/05/south-indian-trading-syndicate-logo.webp]
[www.fegno.com/wp-content/uploads/2022/05/sea-queen-hotel-logo.webp]
[www.fegno.com/wp-content/uploads/2022/05/bathx-logo.webp]
[www.fegno.com/wp-content/uploads/2022/05/abchauz-logo.webp]
[www.fegno.com/solutions/mobile-app-development-company-in-kochi/index.html]
[www.fegno.com/wp-content/uploads/2022/05/truckbookers-logo.webp]
[www.fegno.com/wp-content/uploads/2022/03/website-development.webp]
[www.fegno.com/wp-content/uploads/2022/04/mobile-app-development.webp]
[www.fegno.com/wp-content/uploads/2022/03/ui-ux-designing.webp]
[www.fegno.com/solutions/progressive-web-app-development-company/index.html]
[www.fegno.com/wp-content/uploads/2022/03/software-development-company.webp]
[www.fegno.com/wp-content/uploads/2022/03/web-app-development.webp]
[www.fegno.com/wp-content/uploads/2023/02/creative-designing.png]
[www.fegno.com/wp-content/uploads/2022/03/digital-marketing.webp]
[www.fegno.com/solutions/ui-ux-designing-company/index.html]
[www.fegno.com/wp-content/uploads/2022/04/top-software-development-company-in-kochi-kerala.webp]
[www.fegno.com/wp-content/uploads/2022/03/they-are-proud-to-be-with-us.png]
[www.fegno.com/wp-content/uploads/2023/01/lazza-project.jpg]
[www.fegno.com/wp-content/uploads/2022/12/double-horse-project.jpg]
[www.fegno.com/wp-content/uploads/2021/07/truckbookers-project.webp]
[www.fegno.com/solutions/creative-designing-company-in-kochi/index.html]
[www.fegno.com/wp-content/uploads/2023/01/granitogres-website-project.jpg]
[www.fegno.com/wp-content/uploads/2021/08/abc-emporio-digital-marketing.webp]
[www.fegno.com/wp-content/uploads/2020/09/Ramshad-Moideen_Bathx_Form.jpg]
[www.fegno.com/wp-content/uploads/2020/10/madanikka-1.jpg]
[www.fegno.com/solutions/top-digital-marketing-company-in-kochi/index.html]
[www.fegno.com/wp-content/uploads/2021/02/basheerkka_auto_x1.jpg]
[www.fegno.com/wp-content/uploads/2021/05/niji.png]
[www.fegno.com/wp-content/uploads/2022/11/rajan.png]
[www.fegno.com/wp-content/uploads/2022/11/Loopinmedia-Fegno-Client.jpg]
[www.fegno.com/wp-content/uploads/2022/12/davis-thomas-testimonial.jpg]
[www.fegno.com/wp-content/uploads/2022/12/Abhilash-1.webp]
[www.fegno.com/solutions/ecommerce-development-company/index.html]
[www.fegno.com/wp-content/uploads/2022/03/warehouse-management.webp]
[www.fegno.com/wp-content/uploads/2022/03/Online-Groceries-pana-1.webp]
[www.fegno.com/wp-content/uploads/2022/03/4127632.jpg]
[www.fegno.com/products/warehouse-management/index.html]
[www.fegno.com/wp-content/uploads/2022/03/dine-1.png]
[www.fegno.com/wp-content/uploads/2022/03/team.webp]
[www.fegno.com/wp-content/uploads/2022/03/insights-from-our-experts.webp]
[www.fegno.com/products/work-force/index.html]
[www.fegno.com/wp-content/uploads/2023/03/ai-boon-or-bane-scaled.jpg]
[www.fegno.com/wp-content/uploads/2020/12/nginx-enable-site.webp]
[www.fegno.com/wp-content/uploads/2021/05/flutter.webp]
[www.fegno.com/wp-content/uploads/2023/02/power-of-ai-gpt-scaled.jpg]
[www.fegno.com/wp-content/uploads/2023/01/fleet-management-system.jpg]
[www.fegno.com/products/grocery-application/index.html]
[www.fegno.com/wp-content/uploads/2023/01/software-development-life-cycle-sdlc-scaled.jpg]
[www.fegno.com/wp-content/uploads/2022/12/azure-devops.png]
[www.fegno.com/wp-content/uploads/2022/12/natural-language-processing-nlp-scaled.jpg]
[www.fegno.com/products/furniture-b2b-ecommerce/index.html]
[www.fegno.com/wp-content/uploads/2022/12/performance-marketing-scaled.jpg]
[www.fegno.com/wp-content/uploads/2022/09/web-application-penetration-testing-scaled.jpg]
[www.fegno.com/wp-content/uploads/2022/08/what-is-joint-application-development.jpg]
[www.fegno.com/wp-content/uploads/2022/06/10-ways-to-choose-the-best-software-development-company.webp]
[www.fegno.com/wp-content/uploads/2022/05/how-digital-marketing-affects-consumer-behaviour.jpg]
[www.fegno.com/wp-content/uploads/2022/05/managing-warehouse.jpg]
[www.fegno.com/products/dinepad/index.html]
[www.fegno.com/wp-content/uploads/2021/12/digital-marketing-by-fegno.jpg]
[www.fegno.com/wp-content/uploads/2021/11/fegnos-solution-to-every-technological-needs.webp]
[www.fegno.com/wp-content/uploads/2021/10/personal-brand.webp]
[www.fegno.com/wp-content/uploads/2021/10/andre-amaral-al8rko2u5eE-unsplash.webp]
[www.fegno.com/wp-content/uploads/2021/10/ai-nuclear-energy-background-future-innovation-disruptive-technology-min-scaled-1.webp]
[www.fegno.com/technologies/index.html]
[www.fegno.com/wp-content/uploads/2021/10/cyber-4062449_1920.webp]
[www.fegno.com/wp-content/uploads/2021/07/what-is-conversion-rate-optimization-cro.webp]
[www.fegno.com/careers/index.html]
[www.fegno.com/wp-content/uploads/2021/07/artificial-intelligence-in-digital-marketing.webp]
[www.fegno.com/wp-content/uploads/2021/05/design-for-all-users-1.webp]
[www.fegno.com/wp-content/uploads/2021/04/nasa-ingenuity-helicopter-hero.webp]
[www.fegno.com/wp-content/uploads/2021/03/Aggregated-event-measurment-tool-1-1024x576-1.webp]
[www.fegno.com/wp-content/uploads/2021/03/cover-marketing-for-website.webp]
[www.fegno.com/portfolio/index.html]
[www.fegno.com/wp-content/uploads/2021/01/cover-image.webp]
[www.fegno.com/wp-content/uploads/2021/01/flutter-on-mac.webp]
[www.fegno.com/wp-content/uploads/2020/12/1393299.webp]
[www.fegno.com/wp-content/uploads/2020/12/giphy-1.webp]
[www.fegno.com/wp-content/uploads/2020/12/NGINX-access-logs-error-logs.webp]
[www.fegno.com/blog/index.html]
[www.fegno.com/wp-content/uploads/2020/08/fegno-logo-white-300x86.png]
[www.fegno.com/contact-us/index.html]
[www.fegno.com/wp-content/uploads/2020/08/clutch-certified.jpg]
[www.fegno.com/wp-content/uploads/2020/08/goodfirms-certified.png]
[www.fegno.com/wp-content/themes/astra/assets/js/minified/frontend.minac9e.js]
[www.fegno.com/fegnos-solution-to-every-technological-needs/index.html]
[www.fegno.com/wp-content/plugins/contact-form-7/includes/js/index77e1.js]
[www.fegno.com/wp-content/plugins/flying-pages/flying-pages.min2f91.js]
[www.fegno.com/web-development-company-in-kochi/index.html]
[www.fegno.com/wp-includes/js/dist/vendor/wp-polyfill-inert.min0226.js]
[www.fegno.com/wp-includes/js/dist/vendor/regenerator-runtime.min8fa4.js]
[www.fegno.com/wp-includes/js/dist/vendor/wp-polyfill.min2c7c.js]
[www.fegno.com/mobile-app-development-company-in-kochi/index.html]
[www.fegno.com/wp-content/cache/asset-cleanup/js/item/moove_gdpr_frontend-v722f2ba11440c5e8741195a9ccfe734a4280f28c.js]
[www.fegno.com/wp-content/plugins/elementor/assets/js/webpack.runtime.min7e2e.js]
[www.fegno.com/wp-content/plugins/elementor/assets/js/frontend-modules.min7e2e.js]
[www.fegno.com/wp-content/plugins/elementor/assets/lib/waypoints/waypoints.min05da.js]
[www.fegno.com/wp-includes/js/jquery/ui/core.min3f14.js]
[www.fegno.com/ui-ux-designing-company/index.html]
[www.fegno.com/wp-content/plugins/flying-analytics/js/minimal-analytics.js]
[www.fegno.com/index.html]
[www.fegno.com/wp-content/astra-local-fonts/montserrat/JTUHjIg1_i6t8kCHKm4532VJOt5-QNFgpCuM73w0aXpsog.woff2]
[www.fegno.com/progressive-web-app-development-company/index.html]
[www.fegno.com/wp-content/astra-local-fonts/montserrat/JTUHjIg1_i6t8kCHKm4532VJOt5-QNFgpCuM73w9aXpsog.woff2]
[www.fegno.com/wp-content/astra-local-fonts/montserrat/JTUHjIg1_i6t8kCHKm4532VJOt5-QNFgpCuM73w2aXpsog.woff2]
[www.fegno.com/wp-content/astra-local-fonts/montserrat/JTUHjIg1_i6t8kCHKm4532VJOt5-QNFgpCuM73w3aXpsog.woff2]
[www.fegno.com/wp-content/astra-local-fonts/poppins/pxiEyp8kv8JHgFVrJJbecmNE.woff2]
[www.fegno.com/top-digital-marketing-company-in-kochi/index.html]
[www.fegno.com/wp-content/astra-local-fonts/poppins/pxiEyp8kv8JHgFVrJJnecmNE.woff2]
[www.fegno.com/10-ways-to-choose-the-best-software-development-company/index.html]
[www.fegno.com/wp-content/astra-local-fonts/poppins/pxiEyp8kv8JHgFVrJJfecg.woff2]
[www.fegno.com/wp-content/astra-local-fonts/poppins/pxiByp8kv8JHgFVrLGT9Z11lFc-K.woff2]
[www.fegno.com/wp-content/astra-local-fonts/poppins/pxiByp8kv8JHgFVrLGT9Z1JlFc-K.woff2]
[www.fegno.com/wp-content/astra-local-fonts/astra-local-fontsac9e.css]
[www.fegno.com/wp-content/themes/astra/assets/css/minified/compatibility/contact-form-7-main.minac9e.css]
[www.fegno.com/wp-content/cache/asset-cleanup/css/item/hfe-style-vd3075c15c443ea92321c86034087c5b0734256f0.css]
[www.fegno.com/warehouse-management-system-and-its-business-use/index.html]
[www.fegno.com/wp-content/plugins/elementor/assets/css/frontend-lite.min7e2e.css]
[www.fegno.com/how-to-choose-wms/index.html]
[www.fegno.com/is-artificial-intelligence-a-boon-or-bane/index.html]
[www.fegno.com/nginx-configuration-file-to-host-website-on-ubuntu/index.html]
[www.fegno.com/wp-content/cache/asset-cleanup/css/item/hfe-widgets-style-v4dba0137fb277de752ffd1f99acf1f2d015dc792.css]
[www.fegno.com/one-year-with-flutter/index.html]
[cdn.jsdelivr.net/npm/slick-carousel@1.8.1/slick/slick.css]
[www.fegno.com/the-power-of-ai/index.html]
[www.fegno.com/fleet-management-system/index.html]
[www.fegno.com/software-development-lifecycle-sdlc/index.html]
[www.fegno.com/azure-devops/index.html]
[www.fegno.com/nlp-technology-and-its-adoption-in-modern-day-enterprise/index.html]
[cdn.jsdelivr.net/npm/slick-carousel@1.8.1/slick/ajax-loader.gif]
[www.fegno.com/what-is-performance-marketing/index.html]
[cdn.jsdelivr.net/npm/slick-carousel@1.8.1/slick/fonts/slick.eot]
[www.fegno.com/web-application-penetration-testing/index.html]
[www.fegno.com/what-is-joint-application-development-jad/index.html]
[www.fegno.com/how-digital-marketing-affects-consumer-behaviour/index.html]
[cdn.jsdelivr.net/npm/slick-carousel@1.8.1/slick/fonts/slickd41d.eot]
[cdn.jsdelivr.net/npm/slick-carousel@1.8.1/slick/fonts/slick.woff]
[cdn.jsdelivr.net/npm/slick-carousel@1.8.1/slick/fonts/slick.ttf]
[cdn.jsdelivr.net/npm/slick-carousel@1.8.1/slick/fonts/slick.svg]
[cdn.jsdelivr.net/npm/slick-carousel@1.8.1/slick/slick-theme.css]
[www.fegno.com/personal-branding-and-ways-to-achieve-it/index.html]
[www.fegno.com/wp-content/themes/astra/assets/css/minified/frontend.minac9e.css]
[www.fegno.com/digital-marketing-service-by-fegno-technologies/index.html]
[www.fegno.com/five-lessons-to-benefit-from-lean-startup/index.html]
[www.fegno.com/wp-content/themes/astra/assets/css/minified/menu-animation.minac9e.css]
[www.fegno.com/who-will-control-the-future/index.html]
[www.fegno.com/neuromarketing-in-e-commerce/index.html]
[www.fegno.com/wp-includes/css/dist/block-library/style.minae48.css]
[www.fegno.com/artificial-intelligence-ai-in-digital-marketing/index.html]
[www.fegno.com/design-for-better-user-experience-with-example/index.html]
[www.fegno.com/wp-content/plugins/popup-builder/public/css/theme79ab.css]
[www.fegno.com/what-is-cro-conversion-rate-optimization/index.html]
[www.fegno.com/ingenuity-will-now-fly-high-on-mars/index.html]
[stackpath.bootstrapcdn.com/bootstrap/4.4.1/css/bootstrap.minae48.css]
[www.fegno.com/digital-marketing-what-why-how-to-do-it/index.html]
[www.fegno.com/aggregated-event-measurement-facebook-conversion-api/index.html]
[www.fegno.com/build-bottom-navigation-bar-with-micro-interactions/index.html]
[www.fegno.com/what-is-programmatic-advertising/index.html]
[www.fegno.com/setup-flutter-for-application-development-on-mac/index.html]
[www.fegno.com/wp-content/plugins/gdpr-cookie-compliance/dist/fonts/nunito-v8-latin-regular.eot]
[www.fegno.com/wp-content/plugins/gdpr-cookie-compliance/dist/fonts/nunito-v8-latin-regulard41d.eot]
[www.fegno.com/digital-marketing-revolutionizing-the-digital-world/index.html]
[www.fegno.com/wp-content/plugins/gdpr-cookie-compliance/dist/fonts/nunito-v8-latin-regular.woff2]
[www.fegno.com/wp-content/plugins/gdpr-cookie-compliance/dist/fonts/nunito-v8-latin-regular.woff]
[www.fegno.com/wp-content/plugins/gdpr-cookie-compliance/dist/fonts/nunito-v8-latin-regular.ttf]
[www.fegno.com/how-to-install-nginx-on-ubuntu/index.html]
[www.fegno.com/wp-content/plugins/gdpr-cookie-compliance/dist/fonts/nunito-v8-latin-700.eot]
[www.fegno.com/creative-designing-company-in-kochi/index.html]
[www.fegno.com/wp-content/plugins/gdpr-cookie-compliance/dist/fonts/nunito-v8-latin-700d41d.eot]
[www.fegno.com/wp-content/plugins/gdpr-cookie-compliance/dist/fonts/nunito-v8-latin-700.woff2]
[www.fegno.com/wp-content/plugins/gdpr-cookie-compliance/dist/fonts/nunito-v8-latin-700.woff]
[www.fegno.com/wp-content/plugins/gdpr-cookie-compliance/dist/fonts/nunito-v8-latin-700.ttf]
[www.fegno.com/wp-content/plugins/gdpr-cookie-compliance/dist/styles/gdpr-maincbf4.css]
[www.fegno.com/POST]
[connect.facebook.net/en_US/fbevents.js]
[www.googletagmanager.com/gtm5445.html]
[www.fegno.com/wp-content/uploads/2022/02/fegno-logo-with-faces.png]
[www.fegno.com/solutions/best-ready-made-solutions/index.html]
[www.fegno.com/wp-content/plugins/instagram-feed/css/sbi-styles.min9b2d.css]
[www.fegno.com/wp-content/plugins/wp-job-openings/assets/css/general.min6765.css]
[www.fegno.com/wp-content/plugins/wp-job-openings/assets/css/style.min6765.css]
[www.fegno.com/wp-json/oembed/1.0/embed4027.json]
[www.fegno.com/wp-json/oembed/1.0/embed5d5b]
[www.fegno.com/wp-content/plugins/elementor/assets/css/widget-icon-box.min.css]
[www.fegno.com/wp-content/uploads/2022/02/it-solutions.png]
[www.fegno.com/wp-content/uploads/2022/02/vision-NEW.png]
[www.fegno.com/wp-content/uploads/2022/02/mission-NEW.png]
[www.fegno.com/wp-content/uploads/2022/02/timeline.png]
[www.fegno.com/wp-content/uploads/2022/02/business-verticals-doesnt-matter.png]
[www.fegno.com/wp-content/uploads/2022/02/Home-Care-changed.png]
[www.fegno.com/wp-content/uploads/2022/02/food-beverages-changed.png]
[www.fegno.com/wp-content/uploads/2022/02/Construction-changed.png]
[www.fegno.com/wp-content/uploads/2022/02/AR-VR-changed.png]
[www.fegno.com/wp-content/uploads/2022/02/Cosmetics-changed.png]
[www.fegno.com/wp-content/uploads/2022/02/Finance-changed-.png]
[www.fegno.com/wp-content/uploads/2022/02/Transport-changed.png]
[www.fegno.com/wp-content/uploads/2022/02/WorkForce-Management-changed.png]
[www.fegno.com/wp-content/uploads/2022/03/VANGUARDS-1.png]
[www.fegno.com/wp-content/uploads/2022/03/manoj-hari-director.png]
[www.fegno.com/wp-content/uploads/2022/03/anoop-mv-director.png]
[www.fegno.com/wp-content/uploads/2022/06/safleena-mh-hr.png]
[www.fegno.com/wp-content/uploads/2022/03/jomon-thomas-business-and-clients-manager.png]
[www.fegno.com/wp-content/uploads/2022/03/vishnu-balan-sales-and-marketing-manager.png]
[www.fegno.com/wp-content/uploads/2022/03/navel-krishna-creative-designing-team-head.png]
[www.fegno.com/wp-content/uploads/2022/03/sachin-vv-ui-ux-designing-team-head.png]
[www.fegno.com/wp-content/uploads/2022/03/jerin-john-technical-lead-and-project-architect.png]
[www.fegno.com/wp-content/uploads/2022/03/stuart-paul-mobile-app-development-team-head.png]
[www.fegno.com/wp-content/uploads/2022/04/vanguards.png]
[www.fegno.com/wp-content/uploads/2022/03/revenue-and-profit-growth.png]
[www.fegno.com/wp-content/uploads/2023/02/recognition-svg-1.png]
[www.fegno.com/wp-content/uploads/2022/03/conversion.png]
[www.fegno.com/wp-content/uploads/2023/02/agile-svg.png]
[www.fegno.com/wp-content/uploads/2022/03/futuristic.png]
[www.fegno.com/wp-content/plugins/elementor/assets/lib/animations/animations.min7e2e.css]
[www.fegno.com/about-us/index.html]
[www.fegno.com/wp-content/plugins/wp-job-openings/assets/js/script.min6765.js]
[www.fegno.com/wp-content/uploads/2022/03/web-development-company-in-kochi.gif]
[www.fegno.com/wp-content/uploads/2020/08/underwater-1.png]
[www.fegno.com/wp-json/oembed/1.0/embed5f75.json]
[www.fegno.com/wp-json/oembed/1.0/embede1fa]
[www.fegno.com/wp-content/uploads/2022/04/derive.png]
[www.fegno.com/wp-content/uploads/2022/04/design.png]
[www.fegno.com/wp-content/uploads/2022/04/develop.png]
[www.fegno.com/wp-content/uploads/2022/03/01.png]
[www.fegno.com/wp-content/uploads/2022/03/02-1.png]
[www.fegno.com/wp-content/uploads/2022/03/03-1.png]
[www.fegno.com/wp-content/uploads/2022/03/web-development-company.png]
[www.fegno.com/wp-content/uploads/2022/03/arow-1.png]
[www.fegno.com/wp-content/uploads/2022/03/check.png]
[www.fegno.com/wp-content/uploads/2022/03/website-development-company-in-kochi.png]
[www.fegno.com/wp-content/uploads/2022/03/success-stories.png]
[www.fegno.com/wp-content/uploads/2022/10/maxpolo-project.webp]
[www.fegno.com/wp-content/uploads/2021/08/bathx-project.webp]
[www.fegno.com/wp-content/uploads/2021/08/alif-signature-project.jpg]
[www.fegno.com/wp-content/uploads/2021/08/abc-buildwares-project.webp]
[www.fegno.com/wp-content/uploads/2021/08/seaqueen-hotel-project.webp]
[www.fegno.com/wp-content/uploads/2022/11/abc-diary-project.jpg]
[www.fegno.com/wp-content/uploads/2021/08/servmate-project.webp]
[www.fegno.com/solutions/web-development-company-in-kochi/index.html]
[www.fegno.com/wp-content/uploads/2022/03/mobile-app-development-company.gif]
[www.fegno.com/wp-json/oembed/1.0/embed3b21.json]
[www.fegno.com/wp-json/oembed/1.0/embedd397]
[www.fegno.com/wp-content/uploads/2022/03/mobile-app-development-company-in-kochi.png]
[www.fegno.com/wp-content/uploads/2022/03/react-native-applications-logo-icon.png]
[www.fegno.com/wp-content/uploads/2022/03/flutter-logo-icon.png]
[www.fegno.com/wp-content/uploads/2022/03/enterprise-application-software-logo-icon.png]
[www.fegno.com/wp-content/uploads/2022/03/app-development-company-kochi.png]
[www.fegno.com/wp-content/uploads/2022/09/shopprix-project.webp]
[www.fegno.com/wp-content/uploads/2021/08/abcutsav-project.webp]
[www.fegno.com/wp-content/uploads/2021/08/dinepad-project.webp]
[www.fegno.com/wp-content/uploads/2021/08/woodncart-project.webp]
[www.fegno.com/solutions/mobile-app-development-company-in-kochi/index.html]
[www.fegno.com/wp-content/uploads/2022/03/progressive-web-app-development-company.png]
[www.fegno.com/wp-json/oembed/1.0/embed0eff.json]
[www.fegno.com/wp-json/oembed/1.0/embed479e]
[www.fegno.com/wp-content/uploads/2023/02/service-worker-svg.png]
[www.fegno.com/wp-content/uploads/2023/02/user-engagement-svg.png]
[www.fegno.com/wp-content/uploads/2023/02/performance-icon.png]
[www.fegno.com/wp-content/uploads/2023/02/uber-logo.png]
[www.fegno.com/wp-content/uploads/2023/02/book-my-show-logo.png]
[www.fegno.com/wp-content/uploads/2023/02/tinder-logo.png]
[www.fegno.com/wp-content/uploads/2023/02/twitter-logo.png]
[www.fegno.com/wp-content/uploads/2023/02/trivago-logo.png]
[www.fegno.com/wp-content/uploads/2023/02/opensooq-logo.png]
[www.fegno.com/solutions/progressive-web-app-development-company/index.html]
[www.fegno.com/wp-content/uploads/2022/03/ui-ux-design.png]
[www.fegno.com/wp-json/oembed/1.0/embed7e10.json]
[www.fegno.com/wp-json/oembed/1.0/embed43c2]
[www.fegno.com/wp-content/uploads/2022/03/ui-ux-designing-company-in-kochi.jpg]
[www.fegno.com/wp-content/uploads/2022/03/web-designing-company.jpg]
[www.fegno.com/wp-content/uploads/2022/03/ui-ux-designing-company.jpg]
[www.fegno.com/wp-content/uploads/2022/03/web-designing-company-in-kochi.png]
[www.fegno.com/wp-content/uploads/2022/03/website-designing-company.jpg]
[www.fegno.com/wp-content/uploads/2022/03/ui-ux-design-fegno.jpg]
[www.fegno.com/wp-content/uploads/2022/03/user-experience-design.jpg]
[www.fegno.com/wp-content/uploads/2022/03/user-interface-user-experience-design.jpg]
[www.fegno.com/wp-content/uploads/2021/08/abc-hauz-project.jpg]
[www.fegno.com/wp-content/uploads/2021/08/abc-emporio-project.webp]
[www.fegno.com/wp-content/uploads/2022/08/abc-academy-project.jpg]
[www.fegno.com/wp-content/uploads/2022/08/tov-holidays-project.webp]
[www.fegno.com/wp-content/uploads/2022/08/av-project.png]
[www.fegno.com/wp-content/uploads/2021/08/abcgroup-project.webp]
[www.fegno.com/wp-content/uploads/2021/08/bathx-website-project.jpg]
[www.fegno.com/wp-content/uploads/2021/08/abc-buildwares-web.webp]
[www.fegno.com/wp-content/uploads/2021/08/south-indian-trading-syndicate-project.webp]
[www.fegno.com/solutions/ui-ux-designing-company/index.html]
[www.fegno.com/wp-content/uploads/2022/03/creative-designing-company-in-kochi.png]
[www.fegno.com/wp-json/oembed/1.0/embeded2f.json]
[www.fegno.com/wp-json/oembed/1.0/embeda782]
[www.fegno.com/wp-content/uploads/2022/03/designing-consultation.png]
[www.fegno.com/wp-content/uploads/2022/03/creative-designing-strategy.png]
[www.fegno.com/wp-content/uploads/2022/03/execution.png]
[www.fegno.com/wp-content/uploads/2022/03/launch-1.png]
[www.fegno.com/wp-content/uploads/2022/04/branding-company-in-kochi-1024x1024.jpg]
[www.fegno.com/wp-content/uploads/2022/04/creative-campaigns-1024x1024.jpg]
[www.fegno.com/wp-content/uploads/2022/04/digital-and-vector-art-1024x1024.jpg]
[www.fegno.com/wp-content/uploads/2022/04/video-production-1024x1024.jpg]
[www.fegno.com/wp-content/plugins/instagram-feed/img/placeholder.png]
[www.fegno.com/solutions/creative-designing-company-in-kochi/index.html]
[www.fegno.com/wp-content/plugins/instagram-feed/js/sbi-scripts.min9b2d.js]
[www.fegno.com/wp-content/uploads/2022/03/digital-marketing-company-in-kochi.png]
[www.fegno.com/wp-json/oembed/1.0/embedbbc2.json]
[www.fegno.com/wp-json/oembed/1.0/embed1677]
[www.fegno.com/wp-content/uploads/2022/03/search-engine-optimization-seo.png]
[www.fegno.com/wp-content/uploads/2022/03/content-marketing.png]
[www.fegno.com/wp-content/uploads/2022/03/social-media-marketing-smm.png]
[www.fegno.com/wp-content/uploads/2022/03/search-engine-marketing-sem.png]
[www.fegno.com/wp-content/uploads/2022/03/pay-per-click-ppc.png]
[www.fegno.com/wp-content/uploads/2022/03/email-marketing.png]
[www.fegno.com/wp-content/uploads/2022/03/online-marketing-agency-in-kochi.png]
[www.fegno.com/wp-content/uploads/2022/03/04.png]
[www.fegno.com/wp-content/uploads/2022/03/05.png]
[www.fegno.com/wp-content/uploads/2022/03/06.png]
[www.fegno.com/wp-content/uploads/2022/06/digital-marketing-agency-kochi.png]
[www.fegno.com/wp-content/uploads/2022/06/digital-marketing-company-kochi-1024x215.webp]
[www.fegno.com/wp-content/uploads/2022/12/geo-infopark-project.jpg]
[www.fegno.com/wp-content/uploads/2023/03/homesoul-theyyampattil-digital-marketing.jpg]
[www.fegno.com/wp-content/uploads/2022/08/abc-my-home-digital-marketing.png]
[www.fegno.com/wp-content/uploads/2021/08/bathx-digital-marketing.webp]
[www.fegno.com/wp-content/uploads/2021/08/julphar-project.webp]
[www.fegno.com/solutions/top-digital-marketing-company-in-kochi/index.html]
[www.fegno.com/wp-content/uploads/2022/07/e-commerce.gif]
[www.fegno.com/wp-content/uploads/2022/08/ecom-bg-1.png]
[www.fegno.com/wp-json/oembed/1.0/embedd8b5.json]
[www.fegno.com/wp-json/oembed/1.0/embed77bb]
[www.fegno.com/wp-content/uploads/2022/08/ecommerce-development.webp]
[www.fegno.com/wp-content/uploads/2022/08/microservices-based-ecommerce.png]
[www.fegno.com/wp-content/uploads/2022/08/web-portals.png]
[www.fegno.com/wp-content/uploads/2022/08/b2c-ecommerce.png]
[www.fegno.com/wp-content/uploads/2022/08/online-multistore.png]
[www.fegno.com/wp-content/uploads/2022/08/headless-commerce.png]
[www.fegno.com/wp-content/uploads/2022/08/b2b-ecommerce.png]
[www.fegno.com/wp-content/uploads/2022/08/online-marketplaces.png]
[www.fegno.com/wp-content/uploads/2022/08/pwa.png]
[www.fegno.com/wp-content/uploads/2022/08/ecommerce-development-company-in-kochi-945x1024.png]
[www.fegno.com/wp-content/uploads/2022/08/ecommerce-consulting.png]
[www.fegno.com/wp-content/uploads/2022/08/custom-ecommerce-development.png]
[www.fegno.com/wp-content/uploads/2022/08/ecommerce-website-design.png]
[www.fegno.com/wp-content/uploads/2022/08/ecommerce-front-end-development.png]
[www.fegno.com/wp-content/uploads/2022/08/ecommerce-back-end-development.png]
[www.fegno.com/wp-content/uploads/2022/08/ecommerce-integration.png]
[www.fegno.com/wp-content/uploads/2022/08/platform-based-ecommerce-development.png]
[www.fegno.com/wp-content/uploads/2022/08/mobile-ecommerce-app-development.png]
[www.fegno.com/wp-content/uploads/2022/08/ecommerce-migration.png]
[www.fegno.com/wp-content/uploads/2022/07/ecommerce-development-firm.png]
[www.fegno.com/wp-content/uploads/2022/08/ecommerce-integrations.png]
[www.fegno.com/solutions/ecommerce-development-company/index.html]
[www.fegno.com/wp-content/uploads/2022/03/Screenshot-6.png]
[www.fegno.com/wp-content/uploads/2022/03/warehouse-management-1024x1024.webp]
[www.fegno.com/wp-json/oembed/1.0/embed7653.json]
[www.fegno.com/wp-json/oembed/1.0/embed4c1c]
[www.fegno.com/wp-content/uploads/2022/03/Screenshot-4.png]
[www.fegno.com/wp-content/uploads/2022/03/Screenshot-5.png]
[www.fegno.com/wp-content/uploads/elementor/thumbs/buildware-q4ulsfcqz6aynjcfw2up7gntf0sntpcpadfcjcc6p4.webp]
[www.fegno.com/wp-content/uploads/elementor/thumbs/globalfurnimart-q4ulsgal60c8z5b2ql9bryfa0eo11egfmi2u0masiw.webp]
[www.fegno.com/wp-content/uploads/elementor/thumbs/maxpolo-q4ulsgal60c8z5b2ql9bryfa0eo11egfmi2u0masiw.webp]
[www.fegno.com/wp-content/uploads/elementor/thumbs/alif-q4ulsh8fcudjar9pl3nycg6qlsje93k5ymqbhw9eco.webp]
[www.fegno.com/wp-content/uploads/elementor/thumbs/bathx-q4ulsh8fcudjar9pl3nycg6qlsje93k5ymqbhw9eco.webp]
[www.fegno.com/wp-content/uploads/2022/03/Screenshot-7.png]
[www.fegno.com/wp-content/uploads/2022/03/Screenshot-8.png]
[www.fegno.com/wp-content/uploads/2022/03/Screenshot-9.png]
[www.fegno.com/wp-content/uploads/2022/03/team2-1.webp]
[www.fegno.com/products/warehouse-management/index.html]
[www.fegno.com/wp-content/uploads/2022/03/2002.i039.018_remote_management_distant_work_isometric_icons-13-1024x1024.jpg]
[www.fegno.com/wp-json/oembed/1.0/embed6865.json]
[www.fegno.com/wp-json/oembed/1.0/embed2522]
[www.fegno.com/wp-content/uploads/2022/03/task-1.webp]
[www.fegno.com/wp-content/uploads/2022/03/communication-flat-icon_1262-18771.webp]
[www.fegno.com/wp-content/uploads/2022/03/Profile.webp]
[www.fegno.com/wp-content/uploads/2022/03/complaint-.webp]
[www.fegno.com/wp-content/uploads/2022/03/ongoing.webp]
[www.fegno.com/wp-content/uploads/2022/03/completed.webp]
[www.fegno.com/products/work-force/index.html]
[www.fegno.com/wp-content/uploads/2022/03/Banner-design-removebg-preview.png]
[www.fegno.com/wp-content/uploads/2022/03/marketing-to-attract-grocery-stores__large-1-1.jpg]
[www.fegno.com/wp-json/oembed/1.0/embed0fa6.json]
[www.fegno.com/wp-json/oembed/1.0/embed62c3]
[www.fegno.com/wp-content/uploads/2022/03/how-it-works-new-1024x442.jpg]
[www.fegno.com/wp-content/uploads/2022/03/Detail-page-mockups-removebg-preview.png]
[www.fegno.com/wp-content/uploads/2022/03/FireShot-Capture-010-Dashboard-Shopprix-Super-Center-grocery.dev_.fegno_.com_-1024x482.png]
[www.fegno.com/wp-content/uploads/2022/03/2374__1_-removebg-preview.png]
[www.fegno.com/wp-content/plugins/elementor/assets/css/widget-icon-list.min.css]
[www.fegno.com/wp-content/uploads/2022/03/Detail-page-mockups__1_-removebg-preview.png]
[www.fegno.com/products/grocery-application/index.html]
[www.fegno.com/wp-json/oembed/1.0/embedd6bd.json]
[www.fegno.com/wp-json/oembed/1.0/embedb334]
[www.fegno.com/wp-content/uploads/2022/03/computer3-1024x683.png]
[www.fegno.com/products/furniture-b2b-ecommerce/index.html]
[www.fegno.com/wp-json/oembed/1.0/embedfaf2.json]
[www.fegno.com/wp-json/oembed/1.0/embedb4cf]
[www.fegno.com/wp-content/uploads/2022/03/dine-1-1024x1024.png]
[www.fegno.com/wp-content/uploads/2022/03/dine.webp]
[www.fegno.com/wp-content/uploads/2022/03/Screenshot-10.png]
[www.fegno.com/wp-content/uploads/2022/03/ezgif.com-gif-maker-removebg-preview.png]
[www.fegno.com/wp-content/uploads/2022/03/Logo-986x1024.png]
[www.fegno.com/wp-content/uploads/2022/03/P6YUM71-1-499x1024.webp]
[www.fegno.com/wp-content/uploads/2022/03/43-680x1024.webp]
[www.fegno.com/wp-content/uploads/2022/03/pngwing.com_.png]
[www.fegno.com/products/dinepad/index.html]
[www.fegno.com/wp-content/uploads/2022/03/e905b7_1a7e67acc80a4e9babc77b54fdbd348b_mv2.gif]
[www.fegno.com/wp-json/oembed/1.0/embed2ec8.json]
[www.fegno.com/wp-json/oembed/1.0/embed4074]
[www.fegno.com/wp-content/uploads/2022/03/New-Project-1.png]
[www.fegno.com/wp-content/uploads/2022/03/WORDS.png]
[www.fegno.com/technologies/index.html]
[www.fegno.com/wp-content/uploads/2023/02/fegno-technologies-career.png]
[www.fegno.com/wp-content/uploads/2022/07/work-with-us-1024x322.webp]
[www.fegno.com/wp-json/oembed/1.0/embede243.json]
[www.fegno.com/wp-json/oembed/1.0/embed47dc]
[www.fegno.com/wp-content/uploads/2023/02/job-in-fegno.png]
[www.fegno.com/wp-content/uploads/2022/04/life-at-fegno-1.jpg]
[www.fegno.com/wp-content/uploads/2022/04/life-at-fegno-2.jpg]
[www.fegno.com/wp-content/uploads/2022/04/life-at-fegno-3.jpg]
[www.fegno.com/wp-content/uploads/2022/04/life-at-fegno-4.png]
[www.fegno.com/wp-content/uploads/2022/04/life-at-fegno-5.jpg]
[www.fegno.com/wp-content/uploads/2022/04/life-at-fegno-6.jpg]
[www.fegno.com/wp-content/uploads/2022/04/life-at-fegno-7.jpg]
[www.fegno.com/wp-content/uploads/2022/04/life-at-fegno-8.jpg]
[www.fegno.com/jobs/business-development-officer/index.html]
[www.fegno.com/wp-content/uploads/2022/04/life-at-fegno-9.jpg]
[www.fegno.com/wp-content/uploads/2022/04/life-at-fegno-10.jpg]
[www.fegno.com/wp-content/uploads/2022/04/life-at-fegno-11.jpg]
[www.fegno.com/wp-content/uploads/2022/04/life-at-fegno-12.jpg]
[www.fegno.com/jobs/front-end-developer-2/index.html]
[www.fegno.com/careers/index.html]
[www.fegno.com/wp-json/oembed/1.0/embedc719.json]
[www.fegno.com/jobs/wordpress-developer-2/index.html]
[www.fegno.com/jobs/42919/index.html]
[www.fegno.com/jobs/content-writer/index.html]
[www.fegno.com/wp-json/oembed/1.0/embed201d]
[www.fegno.com/wp-content/uploads/2022/03/happy-clients.png]
[www.fegno.com/wp-content/uploads/2023/01/lazza-logo.png]
[www.fegno.com/wp-content/uploads/2023/01/corporate-branding-icon.png]
[www.fegno.com/wp-content/uploads/2022/12/double-horse-logo.png]
[www.fegno.com/wp-content/uploads/2021/08/truckbookers-logo.webp]
[www.fegno.com/wp-content/uploads/2023/01/business_automation.png]
[www.fegno.com/wp-content/uploads/2023/01/mobile-app-icon.png]
[www.fegno.com/wp-content/uploads/2023/01/ecommerce-icon.png]
[www.fegno.com/wp-content/uploads/2023/01/web-designing-icon.png]
[www.fegno.com/portfolio/index0a02.html]
[www.fegno.com/wp-content/uploads/2023/01/website-development-icon.png]
[www.fegno.com/wp-content/uploads/2021/08/abc-emporio-logo.webp]
[www.fegno.com/wp-content/uploads/2023/02/digital-marketing-icon.png]
[www.fegno.com/wp-content/uploads/2023/01/abchauz-logo.png]
[www.fegno.com/portfolio/indexf527.html]
[www.fegno.com/wp-content/uploads/2022/09/shopprix-logo.png]
[www.fegno.com/wp-content/uploads/2023/01/south-indian-trading-syndicate-logo.png]
[www.fegno.com/wp-content/uploads/2023/01/geo-infopark-logo.png]
[www.fegno.com/wp-content/uploads/2023/02/homesoul-theyyampattil-logo.png]
[www.fegno.com/portfolio/index0e11.html]
[www.fegno.com/portfolio/index.html]
[www.fegno.com/wp-json/oembed/1.0/embeda302.json]
[www.fegno.com/portfolio/index0271.html]
[www.fegno.com/portfolio/indexf36f.html]
[www.fegno.com/portfolio/indexe6b0.html]
[www.fegno.com/wp-json/oembed/1.0/embeda8a5]
[www.fegno.com/portfolio/indexca1a.html]
[www.fegno.com/case_study/granitogres-website-development-project/index.html]
[www.fegno.com/portfolio/page/2/index.html]
[www.fegno.com/portfolio/page/3/index.html]
[www.fegno.com/portfolio/page/4/index.html]
[www.fegno.com/blog/indexd67e.html]
[www.fegno.com/blog/index2002.html]
[www.fegno.com/blog/index8b75.html]
[www.fegno.com/blog/index0e11.html]
[www.fegno.com/blog/index05df.html]
[www.fegno.com/blog/index91e7.html]
[www.fegno.com/blog/index998d.html]
[www.fegno.com/blog/index208b.html]
[www.fegno.com/wp-content/uploads/2023/03/praveena-image-copy-1-96x96.jpg]
[www.fegno.com/wp-content/uploads/2022/03/jerin-96x96.png]
[www.fegno.com/blog/index9039.html]
[www.fegno.com/wp-content/uploads/2022/03/stu-96x96.png]
[www.fegno.com/wp-content/uploads/2022/03/akhil-cw-96x96.webp]
[www.fegno.com/blog/index8b57.html]
[www.fegno.com/blog/index.html]
[www.fegno.com/wp-content/uploads/2022/03/5b803c24a634a1c6454ce624_HastyThoseEyelashpitviper-size_restricted.gif]
[www.fegno.com/wp-json/oembed/1.0/embed5a06.json]
[www.fegno.com/blog/page/2/index.html]
[www.fegno.com/blog/page/3/index.html]
[www.fegno.com/blog/page/4/index.html]
[www.fegno.com/wp-json/oembed/1.0/embedec08]
[www.fegno.com/category/development/index.html]
[www.fegno.com/contact-us/index.html]
[www.fegno.com/category/devops/index.html]
[www.fegno.com/category/digital-marketing/index.html]
[www.fegno.com/category/flutter/index.html]
[www.fegno.com/category/inspiration/index.html]
[www.fegno.com/category/blog-widgets/index.html]
[www.fegno.com/category/mobile-app-development/index.html]
[www.fegno.com/wp-json/oembed/1.0/embedf850.json]
[www.fegno.com/category/uncategorized/index.html]
[www.fegno.com/category/web-application-testing/index.html]
[www.fegno.com/category/technology/index.html]
[www.fegno.com/wp-json/oembed/1.0/embedbb8a]
[www.fegno.com/tag/aggregated-event-measurement-tool/index.html]
[www.fegno.com/wp-content/uploads/2021/11/fegnos-solution-to-every-technological-needs-1024x576.webp]
[www.fegno.com/wp-content/uploads/2021/11/fegnos-approach-towards-the-client.webp]
[www.fegno.com/wp-content/uploads/2021/11/requirement-gathering.webp]
[www.fegno.com/tag/amazon/index.html]
[www.fegno.com/tag/android/index.html]
[www.fegno.com/wp-content/uploads/2021/11/discussion-with-the-client.webp]
[www.fegno.com/tag/application-development/index.html]
[www.fegno.com/fegnos-solution-to-every-technological-needs/index.html]
[www.fegno.com/tag/artifical-inteligence/index.html]
[www.fegno.com/web-development-company-in-kochi/index.html]
[www.fegno.com/tag/artificial-intelligence/index.html]
[www.fegno.com/tag/catt-funnel/index.html]
[www.fegno.com/tag/challenges-in-flutter/index.html]
[www.fegno.com/tag/chatbot/index.html]
[www.fegno.com/tag/conversion-rate-optimization/index.html]
[www.fegno.com/mobile-app-development-company-in-kochi/index.html]
[www.fegno.com/tag/cro/index.html]
[www.fegno.com/tag/dart/index.html]
[www.fegno.com/tag/digital-marketing/index.html]
[www.fegno.com/tag/e-commerce/index.html]
[www.fegno.com/tag/electroencephalography/index.html]
[www.fegno.com/ui-ux-designing-company/index.html]
[www.fegno.com/tag/facebook-conversion-api/index.html]
[www.fegno.com/tag/fegno-technologies/index.html]
[www.fegno.com/tag/flipkart/index.html]
[www.fegno.com/tag/flutter/index.html]
[www.fegno.com/progressive-web-app-development-company/index.html]
[www.fegno.com/tag/flutter-app-development/index.html]
[www.fegno.com/tag/flutter-development/index.html]
[www.fegno.com/tag/flutter-in-mac/index.html]
[www.fegno.com/tag/future/index.html]
[www.fegno.com/tag/ios/index.html]
[www.fegno.com/top-digital-marketing-company-in-kochi/index.html]
[www.fegno.com/tag/mac/index.html]
[www.fegno.com/wp-json/oembed/1.0/embedc9d9.json]
[www.fegno.com/tag/machine-learning/index.html]
[www.fegno.com/tag/marketing-strategies/index.html]
[www.fegno.com/tag/mars-ingenuity-helicopter/index.html]
[www.fegno.com/wp-json/oembed/1.0/embedce10]
[www.fegno.com/tag/neuromarketing/index.html]
[www.fegno.com/wp-content/uploads/2022/06/how-to-choose-the-right-software-development-company-768x324.webp]
[www.fegno.com/wp-content/uploads/2022/06/ways-to-choose-the-best-software-development-company-768x512.webp]
[www.fegno.com/tag/nginix/index.html]
[www.fegno.com/wp-content/uploads/2022/06/which-is-the-best-software-development-company-1024x683.webp]
[www.fegno.com/tag/nginix-configuration-file/index.html]
[www.fegno.com/wp-content/uploads/2022/06/choosing-best-software-company-1024x1024.webp]
[www.fegno.com/10-ways-to-choose-the-best-software-development-company/index.html]
[www.fegno.com/tag/nginix-hosting/index.html]
[www.fegno.com/wp-json/oembed/1.0/embed1cb8.json]
[www.fegno.com/tag/one-year-in-flutter/index.html]
[www.fegno.com/wp-json/oembed/1.0/embed811d]
[www.fegno.com/tag/online-marketing/index.html]
[www.fegno.com/tag/open-source/index.html]
[www.fegno.com/tag/programmatic-advertising/index.html]
[www.fegno.com/wp-content/uploads/2022/05/managing-warehouse-1024x683.jpg]
[www.fegno.com/tag/python/index.html]
[www.fegno.com/wp-content/uploads/2022/05/warehouse-management-system-by-fegno-768x512.jpg]
[www.fegno.com/wp-content/uploads/2022/05/warehouse-management-system-1024x683.jpg]
[www.fegno.com/tag/stuart-paul/index.html]
[www.fegno.com/warehouse-management-system-and-its-business-use/index.html]
[www.fegno.com/tag/traditional-marketing/index.html]
[www.fegno.com/tag/ui-ux/index.html]
[www.fegno.com/tag/walmart/index.html]
[www.fegno.com/wp-json/oembed/1.0/embedbbd7.json]
[www.fegno.com/wp-json/oembed/1.0/embedbd50]
[www.fegno.com/wp-content/uploads/2022/05/managing-warehouse-768x512.jpg]
[www.fegno.com/author/akhil/index.html]
[www.fegno.com/wp-content/uploads/2023/04/supply-chain-management-768x691.jpg]
[www.fegno.com/wp-content/uploads/2023/04/ways-to-choose-wms-768x768.jpg]
[www.fegno.com/wp-content/uploads/2022/05/warehouse-management-system-by-fegno-768x512.webp]
[www.fegno.com/how-to-choose-wms/index.html]
[www.fegno.com/wp-content/uploads/2023/03/ai-boon-or-bane-1024x683.jpg]
[www.fegno.com/wp-json/oembed/1.0/embed2b04.json]
[www.fegno.com/author/praveena/index.html]
[www.fegno.com/wp-json/oembed/1.0/embeda2eb]
[www.fegno.com/wp-content/uploads/2023/03/artificial-intelligence-768x461.jpg]
[www.fegno.com/wp-content/uploads/2023/03/artificial-general-intelligence-300x201.png]
[www.fegno.com/wp-content/uploads/2023/02/ai-chatbot-300x300.jpg]
[www.fegno.com/wp-content/uploads/2023/03/ai-domination.png]
[www.fegno.com/is-artificial-intelligence-a-boon-or-bane/index.html]
[www.fegno.com/wp-json/oembed/1.0/embed8963.json]
[www.fegno.com/wp-json/oembed/1.0/embed58f6]
[www.fegno.com/wp-content/uploads/2020/12/nginx-configuration-files-sites-available.webp]
[www.fegno.com/nginx-configuration-file-to-host-website-on-ubuntu/index.html]
[www.fegno.com/wp-json/oembed/1.0/embedeac4.json]
[www.fegno.com/wp-json/oembed/1.0/embed5cf2]
[www.fegno.com/wp-content/uploads/2021/05/flutter-1024x576.webp]
[www.fegno.com/author/jerin/index.html]
[www.fegno.com/wp-content/uploads/2021/05/Top-11-Reasons-Why-You-Should-Jump-into-Flutter-App-Development.webp]
[www.fegno.com/one-year-with-flutter/index.html]
[www.fegno.com/wp-content/uploads/2023/02/power-of-ai-gpt-1024x614.jpg]
[www.fegno.com/wp-json/oembed/1.0/embedf1a3.json]
[www.fegno.com/wp-json/oembed/1.0/embed69e8]
[www.fegno.com/wp-content/uploads/2023/02/open-ai-chat-gpt-300x152.jpg]
[www.fegno.com/author/stuart/index.html]
[www.fegno.com/wp-content/uploads/2023/02/chat-gpt-chatbot-768x565.jpg]
[www.fegno.com/the-power-of-ai/index.html]
[www.fegno.com/wp-content/uploads/2023/01/fleet-tracking-1024x539.png]
[www.fegno.com/wp-json/oembed/1.0/embed7bf7.json]
[www.fegno.com/wp-json/oembed/1.0/embede1d8]
[www.fegno.com/wp-content/uploads/2023/01/driver-retention-1024x1024.jpg]
[www.fegno.com/wp-content/uploads/2023/01/vehicle-diagnostics.png]
[www.fegno.com/fleet-management-system/index.html]
[www.fegno.com/wp-content/uploads/2023/01/software-development-life-cycle-sdlc-1024x681.jpg]
[www.fegno.com/wp-json/oembed/1.0/embed659c.json]
[www.fegno.com/wp-json/oembed/1.0/embedac41]
[www.fegno.com/wp-content/uploads/2023/01/phases-in-sdlc-300x300.png]
[www.fegno.com/wp-content/uploads/2022/09/web-application-penetration-testing-1024x676.jpg]
[www.fegno.com/wp-content/uploads/2023/01/agile-model-in-sdlc-1024x328.png]
[www.fegno.com/software-development-lifecycle-sdlc/index.html]
[www.fegno.com/wp-json/oembed/1.0/embed399c.json]
[www.fegno.com/wp-json/oembed/1.0/embedfac4]
[www.fegno.com/wp-content/uploads/2022/12/devops-768x461.jpg]
[www.fegno.com/wp-content/uploads/2022/12/version-control-azure-devops-1024x1024.jpg]
[www.fegno.com/wp-content/uploads/2022/12/devops-development-and-operations-768x512.jpg]
[www.fegno.com/azure-devops/index.html]
[www.fegno.com/wp-content/uploads/2022/12/natural-language-processing-nlp-1024x683.jpg]
[www.fegno.com/wp-json/oembed/1.0/embed3302.json]
[www.fegno.com/wp-json/oembed/1.0/embed7422]
[www.fegno.com/wp-content/uploads/2022/12/nlp-technology-768x512.jpg]
[www.fegno.com/nlp-technology-and-its-adoption-in-modern-day-enterprise/index.html]
[www.fegno.com/wp-content/uploads/2022/12/performance-marketing-1024x1024.jpg]
[www.fegno.com/wp-json/oembed/1.0/embedc617.json]
[www.fegno.com/wp-json/oembed/1.0/embed1f6d]
[www.fegno.com/wp-content/uploads/2022/12/display-ads-performance-marketing-300x300.jpg]
[www.fegno.com/what-is-performance-marketing/index.html]
[www.fegno.com/wp-json/oembed/1.0/embedaf64.json]
[www.fegno.com/wp-json/oembed/1.0/embedc1fc]
[www.fegno.com/wp-content/uploads/2022/09/application-testing-768x699.jpg]
[www.fegno.com/web-application-penetration-testing/index.html]
[www.fegno.com/wp-json/oembed/1.0/embed087d.json]
[www.fegno.com/wp-json/oembed/1.0/embed42f6]
[www.fegno.com/wp-content/uploads/2022/08/what-is-joint-application-development-1024x683.jpg]
[www.fegno.com/what-is-joint-application-development-jad/index.html]
[www.fegno.com/wp-json/oembed/1.0/embed89ee.json]
[www.fegno.com/wp-json/oembed/1.0/embedb583]
[www.fegno.com/wp-content/uploads/2022/05/how-digital-marketing-affects-consumer-behaviour-1024x778.jpg]
[www.fegno.com/how-digital-marketing-affects-consumer-behaviour/index.html]
[www.fegno.com/wp-json/oembed/1.0/embedb633.json]
[www.fegno.com/wp-json/oembed/1.0/embed063b]
[www.fegno.com/wp-content/uploads/2021/12/digital-marketing-by-fegno-1024x576.jpg]
[www.fegno.com/wp-content/uploads/2021/12/digital-marketing-seo-by-fegno.webp]
[www.fegno.com/wp-content/uploads/2021/12/search-engine-marketing.webp]
[www.fegno.com/wp-content/uploads/2021/12/fegno-email-marketing.webp]
[www.fegno.com/wp-content/uploads/2021/12/social-media-marketing-768x378.png]
[www.fegno.com/wp-content/uploads/2021/12/pay-per-click-1024x448.png]
[www.fegno.com/digital-marketing-service-by-fegno-technologies/index.html]
[www.fegno.com/wp-json/oembed/1.0/embed772e.json]
[www.fegno.com/wp-json/oembed/1.0/embedf3c6]
[www.fegno.com/wp-content/uploads/2021/10/personal-brand-1024x683.webp]
[www.fegno.com/wp-content/uploads/2021/10/personal-branding.webp]
[www.fegno.com/wp-content/uploads/2021/10/professional-aspects.webp]
[www.fegno.com/wp-content/uploads/2021/10/professional-value.webp]
[www.fegno.com/personal-branding-and-ways-to-achieve-it/index.html]
[www.fegno.com/author/monica/index.html]
[www.fegno.com/wp-json/oembed/1.0/embed5757.json]
[www.fegno.com/wp-json/oembed/1.0/embed1a9c]
[www.fegno.com/wp-content/uploads/2021/10/andre-amaral-al8rko2u5eE-unsplash-1024x827.webp]
[www.fegno.com/wp-content/uploads/2021/10/Build-Measure-Learn-Feedback-Lo1op.webp]
[www.fegno.com/wp-content/uploads/2021/10/Pivot.webp]
[www.fegno.com/five-lessons-to-benefit-from-lean-startup/index.html]
[www.fegno.com/wp-json/oembed/1.0/embed7c66.json]
[www.fegno.com/wp-json/oembed/1.0/embed2789]
[www.fegno.com/wp-content/uploads/2021/10/ai-nuclear-energy-background-future-innovation-disruptive-technology-min-scaled-1-1024x683.webp]
[www.fegno.com/wp-content/uploads/2021/10/julia-kamm-nzFb3q4A8pI-unsplash.webp]
[www.fegno.com/wp-content/uploads/2021/10/storage.webp]
[www.fegno.com/wp-content/uploads/2021/10/presentation.webp]
[www.fegno.com/wp-content/uploads/2021/10/wallpapersden.com_the-age-of-ai-poster_1920x1200.webp]
[www.fegno.com/who-will-control-the-future/index.html]
[www.fegno.com/wp-json/oembed/1.0/embedb349.json]
[www.fegno.com/wp-json/oembed/1.0/embedb726]
[www.fegno.com/wp-content/uploads/2021/10/cyber-4062449_1920-1024x488.webp]
[www.fegno.com/wp-content/uploads/2021/10/neuromarketing-in-eCommerce.webp]
[www.fegno.com/neuromarketing-in-e-commerce/index.html]
[www.fegno.com/wp-json/oembed/1.0/embed48a3.json]
[www.fegno.com/author/subodhitha/index.html]
[www.fegno.com/wp-json/oembed/1.0/embedbdd5]
[www.fegno.com/wp-content/uploads/2021/07/what-is-conversion-rate-optimization-cro-1024x683.webp]
[www.fegno.com/wp-content/uploads/2021/07/conversion-rate-optimization-cro.webp]
[www.fegno.com/wp-content/uploads/2021/07/what-is-cro.webp]
[www.fegno.com/what-is-cro-conversion-rate-optimization/index.html]
[www.fegno.com/wp-json/oembed/1.0/embedc139.json]
[www.fegno.com/author/jomon/index.html]
[www.fegno.com/wp-json/oembed/1.0/embed8cea]
[www.fegno.com/wp-content/uploads/2021/07/photo-1528413538163-0e0d91129480-1.webp]
[www.fegno.com/artificial-intelligence-ai-in-digital-marketing/index.html]
[www.fegno.com/wp-json/oembed/1.0/embedf8c6.json]
[www.fegno.com/wp-json/oembed/1.0/embed6cad]
[www.fegno.com/wp-content/uploads/2021/05/New-Project.webp]
[www.fegno.com/wp-content/uploads/2021/05/0925_Fintech_UX_Lina_Newsletter-e2a73e72de02523d54279eed5da122e7.webp]
[www.fegno.com/author/vishnu/index.html]
[www.fegno.com/design-for-better-user-experience-with-example/index.html]
[www.fegno.com/wp-json/oembed/1.0/embeda793.json]
[www.fegno.com/wp-json/oembed/1.0/embed7678]
[www.fegno.com/wp-content/uploads/2021/04/nasa-ingenuity-helicopter-hero-1024x615.webp]
[www.fegno.com/author/sachin/index.html]
[www.fegno.com/wp-content/uploads/2021/04/ezgif.com-gif-maker.webp]
[www.fegno.com/ingenuity-will-now-fly-high-on-mars/index.html]
[www.fegno.com/wp-json/oembed/1.0/embed44ce.json]
[www.fegno.com/wp-json/oembed/1.0/embed6d0b]
[www.fegno.com/wp-content/uploads/2021/03/admin-ajax.webp]
[www.fegno.com/wp-content/uploads/2021/03/1_46aSsoc1IKOh9zJzf-WXyw-1024x576.webp]
[www.fegno.com/wp-content/uploads/2021/03/1_DsozL2ESWdcqafeJr8gKKw.webp]
[www.fegno.com/wp-content/uploads/2021/03/1_sEpcXV9yv0vEomKCa67SDQ.webp]
[www.fegno.com/wp-content/uploads/2021/03/1_RDRW2mGTJubKZb_d5YwLrg.webp]
[www.fegno.com/wp-content/uploads/2021/03/1_oAOXDvIzinCma3feE5LHdg.webp]
[www.fegno.com/wp-content/uploads/2021/03/1_KB_Vg8YTRbzp1EKpVtyQAw-1.webp]
[www.fegno.com/wp-content/uploads/2021/03/1_96tG_Mp3UVAQs7PyShhw3w.webp]
[www.fegno.com/aggregated-event-measurement-facebook-conversion-api/index.html]
[www.fegno.com/wp-json/oembed/1.0/embed7e57.json]
[www.fegno.com/wp-json/oembed/1.0/embedaad8]
[www.fegno.com/wp-content/uploads/2021/03/cover-marketing-for-website-1024x579.webp]
[www.fegno.com/wp-content/uploads/2021/03/CATT-marketing-funnel.webp]
[www.fegno.com/digital-marketing-what-why-how-to-do-it/index.html]
[www.fegno.com/wp-json/oembed/1.0/embeda007.json]
[www.fegno.com/wp-json/oembed/1.0/embed0f82]
[www.fegno.com/wp-content/uploads/2021/01/giphy.webp]
[www.fegno.com/wp-content/uploads/2021/01/1_mbebOOk4Nwfo8g8k41A-kw.webp]
[www.fegno.com/wp-content/uploads/2021/01/1_-whkJqAc3Ggun6JTgrPHAQ-1.webp]
[www.fegno.com/wp-content/uploads/2021/01/1_pISKdIoYftuD1iNPTnPYxg.webp]
[www.fegno.com/build-bottom-navigation-bar-with-micro-interactions/index.html]
[www.fegno.com/wp-json/oembed/1.0/embed70b2.json]
[www.fegno.com/wp-json/oembed/1.0/embed9b68]
[www.fegno.com/wp-content/uploads/2021/01/flutter-install-mac-1024x547.webp]
[www.fegno.com/wp-content/uploads/2021/01/flutter-mac-1024x161.webp]
[www.fegno.com/wp-content/uploads/2021/01/install-flutter-on-mac-998x1024.webp]
[www.fegno.com/wp-content/uploads/2021/01/install-flutter-mac-1024x435.webp]
[www.fegno.com/wp-content/uploads/2021/01/download-flutter-for-mac-1024x128.webp]
[www.fegno.com/wp-content/uploads/2021/01/1_zFIVHoxXbAbCjDFcozH8oQ-1024x190.webp]
[i2.wp.com/miro.medium.com/max/1129/1_BYc47cfMI67_p_oiu6PZuwed14.png]
[www.fegno.com/author/savad/index.html]
[i0.wp.com/miro.medium.com/max/1144/1_DQ1MT1ehN0qShk52OcTPhA0fb3.png]
[i2.wp.com/miro.medium.com/max/1145/1_7VuI3Kw8EOpKUvAYU1FhFQ0fb3.png]
[www.fegno.com/wp-content/uploads/2021/01/how-to-install-flutter-on-mac-1024x650.webp]
[www.fegno.com/wp-content/uploads/2021/01/flutter-for-mac-gif.webp]
[www.fegno.com/setup-flutter-for-application-development-on-mac/index.html]
[www.fegno.com/wp-json/oembed/1.0/embedbc82.json]
[www.fegno.com/wp-json/oembed/1.0/embed200b]
[www.fegno.com/wp-content/uploads/2020/12/1393299-1024x576.webp]
[www.fegno.com/wp-content/uploads/2020/12/1_aVHL9lHJrtYgu7zkLIOWpQ.webp]
[www.fegno.com/wp-content/uploads/2020/12/programmatic-advertising-without-third-party-cookies.webp]
[www.fegno.com/what-is-programmatic-advertising/index.html]
[www.fegno.com/wp-json/oembed/1.0/embeda16c.json]
[www.fegno.com/wp-json/oembed/1.0/embede383]
[www.fegno.com/wp-content/uploads/2020/12/1_CQqSZ4dCb4-eE2dhKP5hAQ.webp]
[www.fegno.com/wp-content/uploads/2020/12/1_w4lp8m0TE67gvOcrpXuC1A.webp]
[www.fegno.com/wp-content/uploads/2020/12/1_AYZaCraNbzXwZbwuf3-jDA.webp]
[www.fegno.com/digital-marketing-revolutionizing-the-digital-world/index.html]
[www.fegno.com/wp-json/oembed/1.0/embed0458.json]
[www.fegno.com/wp-json/oembed/1.0/embedf3e0]
[www.fegno.com/wp-content/uploads/2020/12/ubuntu-logo14.webp]
[www.fegno.com/wp-content/uploads/2020/12/png-clipart-firewall-computer-icons-glasswire-lavender-18-1-computer-logo-removebg-preview.webp]
[www.fegno.com/how-to-install-nginx-on-ubuntu/index.html]
[www.fegno.com/creative-designing-company-in-kochi/index.html]
[www.fegno.com/wp-content/uploads/2022/02/Fegno-logo-final.html]
[cdn.jsdelivr.net/npm/slick-carousel@1.8.1/slick/fonts/slick.svg]
[www.fegno.com/wp-content/plugins/gdpr-cookie-compliance/dist/fonts/nunito-v8-latin-regular.svg]
[www.fegno.com/wp-content/plugins/gdpr-cookie-compliance/dist/fonts/nunito-v8-latin-700.svg]
[www.fegno.com/wp-content/uploads/2022/03/pre-developed-solutions.gif]
[www.fegno.com/wp-json/oembed/1.0/embed45fd.json]
[www.fegno.com/wp-json/oembed/1.0/embed3ecf]
[www.fegno.com/wp-content/uploads/2022/03/cloud.png]
[www.fegno.com/wp-content/uploads/2022/03/customer.png]
[www.fegno.com/wp-content/uploads/2022/03/smartphone.png]
[www.fegno.com/wp-content/uploads/2022/03/exchange.png]
[www.fegno.com/wp-content/uploads/2022/03/web-design-services.gif]
[www.fegno.com/solutions/best-ready-made-solutions/index.html]
[www.fegno.com/POST.html]
[www.fegno.com/wp-content/plugins/instagram-feed/css/sbi-styles.min9b2d.css]
[www.fegno.com/wp-content/plugins/wp-job-openings/assets/fonts/awsm-jobs-icomoon062a.eot]
[www.fegno.com/wp-content/plugins/wp-job-openings/assets/fonts/awsm-jobs-icomoon062a.ttf]
[www.fegno.com/wp-content/plugins/wp-job-openings/assets/fonts/awsm-jobs-icomoon062a.woff]
[www.fegno.com/wp-content/plugins/wp-job-openings/assets/css/general.min6765.css]
[www.fegno.com/wp-content/plugins/wp-job-openings/assets/css/style.min6765.css]
[www.fegno.com/index47f2.html]
[www.fegno.com/wp-content/plugins/elementor/assets/css/widget-icon-box.min.css]
[www.fegno.com/wp-content/plugins/elementor/assets/lib/animations/animations.min7e2e.css]
[www.fegno.com/index8858.html]
[www.fegno.com/solutions/wp-content/uploads/2022/04/noun-next-1096296-Copy.html]
[www.fegno.com/solutions/wp-content/uploads/2022/04/noun-next-1096296.html]
[www.fegno.com/index2473.html]
[www.fegno.com/indexc906.html]
[www.fegno.com/indexf745.html]
[www.fegno.com/index5361.html]
[www.fegno.com/indexbaa1.html]
[www.fegno.com/index3fad.html]
[www.fegno.com/indexfecc.html]
[www.fegno.com/products/wp-content/uploads/2022/04/noun-next-1096296-Copy.html]
[www.fegno.com/products/wp-content/uploads/2022/04/noun-next-1096296.html]
[www.fegno.com/index4343.html]
[www.fegno.com/indexebcf.html]
[www.fegno.com/wp-content/plugins/elementor/assets/css/widget-icon-list.min.css]
[www.fegno.com/index742c.html]
[www.fegno.com/wp-content/uploads/2022/03/Asset-1-1.html]
[www.fegno.com/wp-content/uploads/2022/03/Asset-8.html]
[www.fegno.com/wp-content/uploads/2022/03/Asset-2.html]
[www.fegno.com/index01ed.html]
[www.fegno.com/index2631.html]
[www.fegno.com/indexc9ea.html]
[www.fegno.com/wp-json/oembed/1.0/embedcac7.json]
[www.fegno.com/wp-json/oembed/1.0/embed7b22]
[www.fegno.com/jobs/business-development-officer/index.html]
[www.fegno.com/wp-json/oembed/1.0/embed1f89.json]
[www.fegno.com/wp-json/oembed/1.0/embede33e]
[www.fegno.com/jobs/front-end-developer-2/index.html]
[www.fegno.com/wp-json/oembed/1.0/embed8f7f.json]
[www.fegno.com/wp-json/oembed/1.0/embedd1ae]
[www.fegno.com/jobs/wordpress-developer-2/index.html]
[www.fegno.com/wp-json/oembed/1.0/embedc261.json]
[www.fegno.com/wp-json/oembed/1.0/embed02c8]
[www.fegno.com/jobs/content-writer/index.html]
[www.fegno.com/wp-json/oembed/1.0/embede05a.json]
[www.fegno.com/wp-json/oembed/1.0/embed6760]
[www.fegno.com/jobs/42919/index.html]
[www.fegno.com/indexf175.html]
[www.fegno.com/wp-content/uploads/2022/08/maxpolo-logo.png]
[www.fegno.com/wp-content/uploads/2021/08/bathx-logo.webp]
[www.fegno.com/wp-content/uploads/2021/08/abc-alif-logo.webp]
[www.fegno.com/wp-content/uploads/2021/08/buildwares-logo.webp]
[www.fegno.com/wp-content/uploads/2021/08/seaqueen-hotel-logo.webp]
[www.fegno.com/wp-content/uploads/2021/08/abc-diary-logo.webp]
[www.fegno.com/wp-content/uploads/2021/08/servmate-logo.webp]
[www.fegno.com/portfolio/index0a02.html]
[www.fegno.com/wp-content/uploads/2022/12/baby-marine-project.jpg]
[www.fegno.com/wp-content/uploads/2022/12/baby-marine-logo.png]
[www.fegno.com/portfolio/indexf527.html]
[www.fegno.com/wp-content/uploads/2022/08/abc-my-home-logo.jpg]
[www.fegno.com/wp-content/uploads/2022/08/tov-holidays-logo.webp]
[www.fegno.com/wp-content/uploads/2022/03/bathx-bx-logo.webp]
[www.fegno.com/wp-content/uploads/2021/08/julphar-logo.webp]
[www.fegno.com/portfolio/index0e11.html]
[www.fegno.com/wp-content/uploads/2021/08/woodncart-logo.webp]
[www.fegno.com/portfolio/indexf36f.html]
[www.fegno.com/wp-content/uploads/2021/08/abcutsav-logo.webp]
[www.fegno.com/wp-content/uploads/2021/08/dinepad-logo.webp]
[www.fegno.com/portfolio/index0271.html]
[www.fegno.com/wp-content/uploads/2022/08/abc-academy-logo.png]
[www.fegno.com/wp-content/uploads/2022/08/av-logo.jpg]
[www.fegno.com/wp-content/uploads/2021/08/abcgroup-logo.webp]
[www.fegno.com/wp-content/uploads/2021/08/abc-buildwares-logo.webp]
[www.fegno.com/portfolio/page/2/index0271.html]
[www.fegno.com/wp-content/uploads/2021/08/south-indian-trading-syndicate-logo.webp]
[www.fegno.com/portfolio/indexe6b0.html]
[www.fegno.com/wp-content/uploads/2022/11/loopin-media-project.jpg]
[www.fegno.com/wp-content/uploads/2022/11/loopinmedia-logo.png]
[www.fegno.com/wp-content/uploads/2022/11/victory-pvt-iti-project.jpg]
[www.fegno.com/wp-content/uploads/2022/11/victory-pvt-iti-logo.png]
[www.fegno.com/wp-content/uploads/2022/11/abc-imports-and-exports-project.jpg]
[www.fegno.com/wp-content/uploads/2022/10/abc-imports-and-exports-logo.png]
[www.fegno.com/portfolio/indexca1a.html]
[www.fegno.com/wp-content/uploads/2023/03/vector.png]
[www.fegno.com/wp-json/oembed/1.0/embed75ae.json]
[www.fegno.com/portfolio/page/2/indexca1a.html]
[www.fegno.com/wp-json/oembed/1.0/embeda3c4]
[www.fegno.com/case_study/granitogres-website-development-project/_https_/www.fegno.com/case_study/granitogres-website-development-project/index.html]
[www.fegno.com/wp-content/uploads/2023/03/18407472_5995339-1024x683.png]
[www.fegno.com/wp-content/uploads/2023/03/7887404_3793102-1024x1024.jpg]
[www.fegno.com/wp-content/uploads/elementor/thumbs/istockphoto-859482486-612x612-1-q3na70uwpige8i2nn7aa0r96quvaxc15dwz6n5vs4s.png]
[www.fegno.com/wp-content/uploads/2023/03/granitogres-website-project-removebg-preview.png]
[www.fegno.com/case_study/granitogres-website-development-project/index.html]
[www.fegno.com/portfolio/page/2/index.html]
[www.fegno.com/portfolio/page/3/index.html]
[www.fegno.com/portfolio/page/4/index.html]
[www.fegno.com/indexd833.html]
[www.fegno.com/wp-content/uploads/2022/03/Jomon-1-96x96.png]
[www.fegno.com/wp-content/uploads/2022/03/510x510-96x96.png]
[www.fegno.com/blog/index2002.html]
[www.fegno.com/blog/indexd67e.html]
[www.fegno.com/wp-content/uploads/2022/03/vishnu-96x96.png]
[www.fegno.com/blog/index0e11.html]
[www.fegno.com/blog/index8b75.html]
[www.fegno.com/wp-content/uploads/2022/03/monica-96x96.png]
[www.fegno.com/wp-content/uploads/2022/03/sachi-96x96.png]
[www.fegno.com/blog/page/2/index0e11.html]
[www.fegno.com/blog/index05df.html]
[www.fegno.com/blog/index91e7.html]
[www.fegno.com/blog/index208b.html]
[www.fegno.com/blog/index998d.html]
[www.fegno.com/blog/index9039.html]
[www.fegno.com/blog/page/2/index998d.html]
[www.fegno.com/blog/index8b57.html]
[www.fegno.com/blog/page/2/index2002.html]
[www.fegno.com/blog/page/2/indexd67e.html]
[www.fegno.com/blog/page/2/index8b75.html]
[www.fegno.com/blog/page/2/index05df.html]
[www.fegno.com/blog/page/2/index91e7.html]
[www.fegno.com/blog/page/2/index208b.html]
[www.fegno.com/blog/page/2/index.html]
[www.fegno.com/blog/page/2/index9039.html]
[www.fegno.com/blog/page/2/index8b57.html]
[www.fegno.com/blog/page/3/index2002.html]
[www.fegno.com/blog/page/3/indexd67e.html]
[www.fegno.com/blog/page/3/index0e11.html]
[www.fegno.com/blog/page/3/index8b75.html]
[www.fegno.com/blog/page/3/index05df.html]
[www.fegno.com/blog/page/3/index91e7.html]
[www.fegno.com/blog/page/3/index208b.html]
[www.fegno.com/blog/page/3/index998d.html]
[www.fegno.com/blog/page/3/index.html]
[www.fegno.com/blog/page/3/index9039.html]
[www.fegno.com/blog/page/3/index8b57.html]
[www.fegno.com/blog/page/4/index2002.html]
[www.fegno.com/blog/page/4/indexd67e.html]
[www.fegno.com/blog/page/4/index0e11.html]
[www.fegno.com/blog/page/4/index8b75.html]
[www.fegno.com/blog/page/4/index05df.html]
[www.fegno.com/blog/page/4/index91e7.html]
[www.fegno.com/blog/page/4/index208b.html]
[www.fegno.com/blog/page/4/index.html]
[www.fegno.com/blog/page/4/index998d.html]
[www.fegno.com/blog/page/4/index9039.html]
[www.fegno.com/blog/page/4/index8b57.html]
[www.fegno.com/category/development/index.html]
[www.fegno.com/category/devops/index.html]
[www.fegno.com/category/digital-marketing/index.html]
[www.fegno.com/category/flutter/index.html]
[www.fegno.com/category/inspiration/index.html]
[www.fegno.com/category/blog-widgets/index.html]
[www.fegno.com/category/mobile-app-development/index.html]
[www.fegno.com/category/technology/index.html]
[www.fegno.com/category/uncategorized/index.html]
[www.fegno.com/category/web-application-testing/index.html]
[www.fegno.com/category/technology/page/2/index.html]
[www.fegno.com/tag/aggregated-event-measurement-tool/index.html]
[www.fegno.com/tag/amazon/index.html]
[www.fegno.com/tag/android/index.html]
[www.fegno.com/tag/application-development/index.html]
[www.fegno.com/tag/artifical-inteligence/index.html]
[www.fegno.com/tag/artificial-intelligence/index.html]
[www.fegno.com/tag/catt-funnel/index.html]
[www.fegno.com/tag/challenges-in-flutter/index.html]
[www.fegno.com/tag/chatbot/index.html]
[www.fegno.com/tag/conversion-rate-optimization/index.html]
[www.fegno.com/tag/cro/index.html]
[www.fegno.com/tag/dart/index.html]
[www.fegno.com/tag/digital-marketing/index.html]
[www.fegno.com/tag/e-commerce/index.html]
[www.fegno.com/tag/electroencephalography/index.html]
[www.fegno.com/tag/facebook-conversion-api/index.html]
[www.fegno.com/tag/fegno-technologies/index.html]
[www.fegno.com/tag/flipkart/index.html]
[www.fegno.com/tag/flutter/index.html]
[www.fegno.com/tag/flutter-app-development/index.html]
[www.fegno.com/tag/flutter-development/index.html]
[www.fegno.com/tag/flutter-in-mac/index.html]
[www.fegno.com/tag/future/index.html]
[www.fegno.com/tag/ios/index.html]
[www.fegno.com/tag/mac/index.html]
[www.fegno.com/tag/machine-learning/index.html]
[www.fegno.com/tag/marketing-strategies/index.html]
[www.fegno.com/tag/mars-ingenuity-helicopter/index.html]
[www.fegno.com/tag/neuromarketing/index.html]
[www.fegno.com/tag/nginix/index.html]
[www.fegno.com/tag/nginix-configuration-file/index.html]
[www.fegno.com/tag/nginix-hosting/index.html]
[www.fegno.com/tag/one-year-in-flutter/index.html]
[www.fegno.com/tag/online-marketing/index.html]
[www.fegno.com/tag/open-source/index.html]
[www.fegno.com/tag/programmatic-advertising/index.html]
[www.fegno.com/tag/python/index.html]
[www.fegno.com/tag/stuart-paul/index.html]
[www.fegno.com/tag/traditional-marketing/index.html]
[www.fegno.com/tag/ui-ux/index.html]
[www.fegno.com/tag/walmart/index.html]
[www.fegno.com/indexe8f5.html]
[www.fegno.com/indexdaa8.html]
[www.fegno.com/wp-content/uploads/2022/03/akhil-cw-120x120.webp]
[www.fegno.com/author/akhil/index.html]
[www.fegno.com/indexc83c.html]
[www.fegno.com/xmlrpc.php]
[www.fegno.com/index8955.html]
[www.fegno.com/indexfe46.html]
[www.fegno.com/wp-content/uploads/2023/03/praveena-image-copy-1-120x120.jpg]
[www.fegno.com/author/praveena/index.html]
[www.fegno.com/indexf7ac.html]
[www.fegno.com/indexa559.html]
[www.fegno.com/author/akhil/page/2/index.html]
[www.fegno.com/wp-content/uploads/2022/03/jerin-120x120.png]
[www.fegno.com/author/jerin/index.html]
[www.fegno.com/index366c.html]
[www.fegno.com/author/stuart/index.html]
[www.fegno.com/indexdff8.html]
[www.fegno.com/index75e3.html]
[www.fegno.com/indexeb3e.html]
[www.fegno.com/index68b1.html]
[www.fegno.com/index71c7.html]
[www.fegno.com/index346c.html]
[www.fegno.com/index98d0.html]
[www.fegno.com/indexd6c3.html]
[www.fegno.com/indexaf77.html]
[www.fegno.com/index159a.html]
[www.fegno.com/index236a.html]
[www.fegno.com/wp-content/uploads/2022/03/monica-120x120.png]
[www.fegno.com/author/monica/index.html]
[www.fegno.com/job-opening/index.html]
[www.fegno.com/index8749.html]
[www.fegno.com/index06fb.html]
[www.fegno.com/indexa904.html]
[www.fegno.com/author/subodhitha/index.html]
[www.fegno.com/digital-marketing-what-why-how/index.html]
[www.fegno.com/index22a9.html]
[www.fegno.com/author/jomon/index.html]
[www.fegno.com/index85ad.html]
[www.fegno.com/job-openings-2/index.html]
[www.fegno.com/wp-content/uploads/2022/03/vishnu-120x120.png]
[www.fegno.com/author/vishnu/index.html]
[www.fegno.com/index6d5b.html]
[www.fegno.com/wp-content/uploads/2022/03/sachi-120x120.png]
[www.fegno.com/author/sachin/index.html]
[www.fegno.com/index984e.html]
[www.fegno.com/index8fe8.html]
[www.fegno.com/index50d5.html]
[www.fegno.com/index8e30.html]
[www.fegno.com/indexbcd4.html]
[www.fegno.com/wp-content/uploads/2022/03/510x510-120x120.png]
[www.fegno.com/author/savad/index.html]
[i2.wp.com/www.fegno.com/wp-content/uploads/2021/01/hm8-20d412.html]
[www.fegno.com/index2c11.html]
[www.fegno.com/index65fa.html]
[www.fegno.com/indexfbd5.html]
[www.fegno.com/indexf089.html]
[localhost/fegno/wp-content/uploads/2023/01/gradient.png]
[www.fegno.com/wp-content/plugins/wp-job-openings/assets/fonts/awsm-jobs-icomoon062a.svg]
[www.fegno.com/wp-content/plugins/wp-job-openings/assets/img/loading.svg]
[www.fegno.com/indexab1e.html]
[www.fegno.com/jobs/wp-content/uploads/2022/04/noun-next-1096296-Copy.html]
[www.fegno.com/jobs/wp-content/uploads/2022/04/noun-next-1096296.html]
[www.fegno.com/index0337.html]
[www.fegno.com/index99d9.html]
[www.fegno.com/index6daa.html]
[www.fegno.com/index33a1.html]
[www.fegno.com/portfolio/page/2/index0271.html]
[www.fegno.com/portfolio/page/2/indexca1a.html]
[www.fegno.com/case_study/granitogres-website-development-project/_https_/www.fegno.com/case_study/granitogres-website-development-project/index.html]
[www.fegno.com/index05e2.html]
[www.fegno.com/case_study/wp-content/uploads/2022/04/noun-next-1096296-Copy.html]
[www.fegno.com/case_study/wp-content/uploads/2022/04/noun-next-1096296.html]
[www.fegno.com/portfolio/page/wp-content/uploads/2022/04/noun-next-1096296-Copy.html]
[www.fegno.com/portfolio/page/wp-content/uploads/2022/04/noun-next-1096296.html]
[www.fegno.com/portfolio/page/1/index.html]
[www.fegno.com/blog/page/2/index0e11.html]
[www.fegno.com/blog/page/2/index998d.html]
[www.fegno.com/blog/page/wp-content/uploads/2022/04/noun-next-1096296-Copy.html]
[www.fegno.com/blog/page/wp-content/uploads/2022/04/noun-next-1096296.html]
[www.fegno.com/blog/page/2/index2002.html]
[www.fegno.com/blog/page/2/indexd67e.html]
[www.fegno.com/blog/page/2/index8b75.html]
[www.fegno.com/blog/page/2/index05df.html]
[www.fegno.com/blog/page/2/index91e7.html]
[www.fegno.com/blog/page/2/index208b.html]
[www.fegno.com/blog/page/2/index9039.html]
[www.fegno.com/blog/page/2/index8b57.html]
[www.fegno.com/blog/page/1/index.html]
[www.fegno.com/blog/page/3/index2002.html]
[www.fegno.com/blog/page/3/indexd67e.html]
[www.fegno.com/blog/page/3/index0e11.html]
[www.fegno.com/blog/page/3/index8b75.html]
[www.fegno.com/blog/page/3/index05df.html]
[www.fegno.com/blog/page/3/index91e7.html]
[www.fegno.com/blog/page/3/index208b.html]
[www.fegno.com/blog/page/3/index998d.html]
[www.fegno.com/blog/page/3/index9039.html]
[www.fegno.com/blog/page/3/index8b57.html]
[www.fegno.com/blog/page/4/index2002.html]
[www.fegno.com/blog/page/4/indexd67e.html]
[www.fegno.com/blog/page/4/index0e11.html]
[www.fegno.com/blog/page/4/index8b75.html]
[www.fegno.com/blog/page/4/index05df.html]
[www.fegno.com/blog/page/4/index91e7.html]
[www.fegno.com/blog/page/4/index208b.html]
[www.fegno.com/blog/page/4/index998d.html]
[www.fegno.com/blog/page/4/index9039.html]
[www.fegno.com/blog/page/4/index8b57.html]
[www.fegno.com/category/wp-content/uploads/2022/04/noun-next-1096296-Copy.html]
[www.fegno.com/category/wp-content/uploads/2022/04/noun-next-1096296.html]
[www.fegno.com/category/technology/page/2/index.html]
[www.fegno.com/tag/wp-content/uploads/2022/04/noun-next-1096296-Copy.html]
[www.fegno.com/tag/wp-content/uploads/2022/04/noun-next-1096296.html]
[www.fegno.com/author/wp-content/uploads/2022/04/noun-next-1096296-Copy.html]
[www.fegno.com/author/wp-content/uploads/2022/04/noun-next-1096296.html]
[www.fegno.com/author/akhil/page/2/index.html]
[www.fegno.com/wp-json/oembed/1.0/embed9fc6.json]
[www.fegno.com/wp-json/oembed/1.0/embedd7cb]
[www.fegno.com/job-openings-2/index.html]
[localhost/fegno/wp-content/uploads/2022/02/ABOUT.png]
[localhost/fegno/wp-content/uploads/2022/03/New-Project-3.png]
[www.fegno.com/portfolio/page/1/index0271.html]
[www.fegno.com/portfolio/page/1/indexca1a.html]
[www.fegno.com/blog/page/1/index0e11.html]
[www.fegno.com/blog/page/1/index998d.html]
[www.fegno.com/category/technology/page/wp-content/uploads/2022/04/noun-next-1096296-Copy.html]
[www.fegno.com/category/technology/page/wp-content/uploads/2022/04/noun-next-1096296.html]
[www.fegno.com/author/akhil/page/wp-content/uploads/2022/04/noun-next-1096296-Copy.html]
[www.fegno.com/author/akhil/page/wp-content/uploads/2022/04/noun-next-1096296.html]
[www.fegno.com/index103e.html]
